
Preface, Page xxvii 

Zofia Gajdos instead of Zzofia Gajdos


Introduction, Page xxx 

In the intro "scrapping" should be "scraping"

Page 64, 92 in pdf

To see the states by population, from smallest to largest, we arrange by `rate` instead
Should be
To see the states by murder rate, from lowest to highest, we arrange by `rate` instead:

Page 132, 160 in pdf

10\. Notice that the approximation calculated in question *two* is very close to the exact calculation in the first question. Now perform the same task for more extreme values. Compare the exact calculation and the normal approximation for the interval (79,81]. How many times bigger is the actual proportion than the approximation?

Two should be nine

Page 132, 160 in pdf

15. In answering the previous questions, we found that it is not at all rare for a seven footer to become an NBA player. What would be a fair critique of our calculations:
a. Practice and talent are what make a great basketball player, not height.
b. The normal approximation is not appropriate for heights.
c. As seen in question 3, the normal approximation tends to underestimate the extreme values. It’s possible that there are more seven footers than we predicted.
d. As seen in question 3, the normal approximation tends to overestimate the extreme
values. It’s possible that there are fewer seven footers than we predicted.

Question 3 should be question 10

Page171, 199 in pdf

For each year, we are simply comparing four quantities – the four percentages. A widely used graphical representation of percentages, popularized by Microsoft Excel, is the pie chart:
Should be (four should be five)
For each year, we are simply comparing five quantities – the five percentages. A widely used graphical representation of percentages, popularized by Microsoft Excel, is the pie chart:


Page 199, 147 in pdf

closet should be closest


Page 344, 372 in pdf

get_slope <- function(x, y) cor(x, y) / (sd(x) * sd(y)) 
Should be
get_slope <- function(x, y) cor(x, y) * sd(y) / sd(x)


Page 344, 372 in pdf

summarize(slope = get_slope(R_per_game, BB_per_game))
Should be:
summarize(slope = get_slope(BB_per_game, R_per_game))


Page 344, 372 in pdf

So does this mean that if we go and hire low salary players with many BB, and who therefore increase the number of walks per game by 2, our team will score 4.2 more runs per game?

Should be (4.2 is now 1.5)

So does this mean that if we go and hire low salary players with many BB, and who therefore increase the number of walks per game by 2, our team will score 1.5 more runs per game?

Page 345, 373 in pdf

#> 1 1.3
Should be
#> 1 0.449

Page 346, 374 in pdf

#> 1       0.4 4.19
#> 2       0.5 3.30
#> 3       0.6 2.55
#> 4       0.7 2.03
#> 5       0.8 2.47

Should be

#> 1       0.4 0.734
#> 2       0.5 0.566
#> 3       0.6 0.412
#> 4       0.7 0.285
#> 5       0.8 0.365

Page 346, 374 in pdf

In fact, the values above are closer to the slope we obtained from singles, 1.3, which is more consistent with our intuition.
Should be (1.3 should b3 0.45)
 In fact, the values above are closer to the slope we obtained from singles, 0.45, which is more consistent with our intuition.


Page 347, 375 in pdf

#> 1       2.8  6.47
#> 2       2.9  8.87
#> 3       3    7.40
#> 4       3.1  7.34
#> 5       3.2  5.89
Should be:
#> 1       2.8  1.52
#> 2       2.9  1.57
#> 3       3    1.52
#> 4       3.1  1.49
#> 5       3.2  1.58


Page 347, 375 in pdf

#> 1 5.33
Should be:
#> 1  1.84

Page 355, 383 in pdf

get_slope <- function(x, y) cor(x, y) / (sd(x) * sd(y)) 
Should be
get_slope <- function(x, y) cor(x, y) * sd(y) / sd(x)



Page 373, 401 in pdf

over interpret should be over-interpret
three common ways should be four common ways



Page 391, 419 in pdf

Add a return after + here

new_tidy_data %>% ggplot(aes(year, fertility, color = country)) + 
  geom_point()

page 453, 481 in pdf

The make_date function can be used to quickly create a date object. It takes three ar- guments: year, month, day, hour, minute, seconds, and time zone defaulting to the epoch values on UTC time. So create an date object representing, for example, July 6, 2019 we write:

 make_date(1970, 7, 6) 
#> [1] "1970-07-06"

Should be 

 make_date(2019, 7, 6) 
#> [1] "2019-07-06"

Page 449, 477 in pdf

"It turns them into days since the epoch.The as.Date function can convert a character into a date. So to see that the epoch is day 0 we can type"

There should be a space between "epoch" and "The".


Page 485, 513 in pdf
 
If the outcomes are binary, both RMSE and MSE are equivalent to accuracy, since  
Should be
If the outcomes are binary, both RMSE and MSE are equivalent to one minus accuracy, since  

Page 538, 566 in pdf


fit_glm <- glm(y ~ x_1 + x_2, data=mnist_27$train, family = "binomial") 
p_hat_glm <- predict(fit_glm, mnist_27$test)
y_hat_glm <- factor(ifelse(p_hat_glm > 0.5, 7, 2)) 
confusionMatrix(y_hat_glm, mnist_27$test$y)$overall["Accuracy"]
#> Accuracy #> 0.76


Should be (type response, and accuracy changes a bit)

fit_glm <- glm(y ~ x_1 + x_2, data=mnist_27$train, family = "binomial") 
p_hat_glm <- predict(fit_glm, mnist_27$test, type = "response")
y_hat_glm <- factor(ifelse(p_hat_glm > 0.5, 7, 2)) 
confusionMatrix(y_hat_glm, mnist_27$test$y)$overall["Accuracy"]
#> Accuracy #> 0.75
